{
  "status": "PASS",
  "presentation_determinant": -1,
  "middle_determinant": "-4*(a*c-b^2)^3",
  "full_polynomial_exponential_identity": "6*(rho(tau_B)-I)=6*N+3*N^2+N^3",
  "nilpotence_N_four": true,
  "matrix_entries_checked": 256,
  "actions_checked": 288,
  "canonical_graph_isomorphisms": 7,
  "middle_minor_normal_forms": [
    {
      "normal_form": [1,0,0],
      "rows_one_based": [1,2,3,6],
      "columns_one_based": [1,2,3,6],
      "determinant": 1
    },
    {
      "normal_form": [1,0,1],
      "rows_one_based": [1,2,3,4],
      "columns_one_based": [1,2,3,6],
      "determinant": -1
    },
    {
      "normal_form": [0,1,0],
      "rows_one_based": [1,2,3,4],
      "columns_one_based": [1,2,3,5],
      "determinant": -1
    }
  ],
  "distinct_weight_map_pairs": 42,
  "arithmetic_discriminants": 11,
  "external_human_review_completed": false
}
